+--------+----------+------------------------------------------------------------+------+-------------------------------------------------------------------------+--------------------------------------------------------------------------------------------------+
| Domain | Method   | URI                                                        | Name | Action                                                                  | Middleware                                                                                       |
+--------+----------+------------------------------------------------------------+------+-------------------------------------------------------------------------+--------------------------------------------------------------------------------------------------+
|        | GET|HEAD | api/auth/accounting                                        |      | App\Http\Controllers\AccountingController@index                         | api,auth.jwt,non.sale,schema.ready:accounting,schema.ready:audit                                 |
|        | GET|HEAD | api/auth/accounting/accounts                               |      | App\Http\Controllers\AccountingController@getAccounts                   | api,auth.jwt,non.sale,schema.ready:accounting,schema.ready:audit                                 |
|        | POST     | api/auth/accounting/assets                                 |      | App\Http\Controllers\AccountingController@saveAsset                     | api,auth.jwt,non.sale,schema.ready:accounting,schema.ready:audit                                 |
|        | DELETE   | api/auth/accounting/assets/{id}                            |      | App\Http\Controllers\AccountingController@deleteAsset                   | api,auth.jwt,non.sale,schema.ready:accounting,schema.ready:audit                                 |
|        | GET|HEAD | api/auth/accounting/general-ledger/{accountId}             |      | App\Http\Controllers\AccountingController@getGeneralLedger              | api,auth.jwt,non.sale,schema.ready:accounting,schema.ready:audit                                 |
|        | POST     | api/auth/accounting/journal-entries                        |      | App\Http\Controllers\AccountingController@postJournalEntry              | api,auth.jwt,non.sale,schema.ready:accounting,schema.ready:audit                                 |
|        | GET|HEAD | api/auth/accounting/journal-entries                        |      | App\Http\Controllers\AccountingController@getJournalEntries             | api,auth.jwt,non.sale,schema.ready:accounting,schema.ready:audit                                 |
|        | GET|HEAD | api/auth/accounting/journal-entries/{id}                   |      | App\Http\Controllers\AccountingController@getJournalEntry               | api,auth.jwt,non.sale,schema.ready:accounting,schema.ready:audit                                 |
|        | POST     | api/auth/accounting/journal-entries/{id}/reverse           |      | App\Http\Controllers\AccountingController@reverseJournalEntry           | api,auth.jwt,non.sale,schema.ready:accounting,schema.ready:audit                                 |
|        | GET|HEAD | api/auth/accounting/legacy-shadow-analysis                 |      | App\Http\Controllers\AccountingController@legacyShadowAnalysis          | api,auth.jwt,non.sale,schema.ready:accounting,schema.ready:audit                                 |
|        | GET|HEAD | api/auth/accounting/periods                                |      | App\Http\Controllers\AccountingController@getPeriods                    | api,auth.jwt,non.sale,schema.ready:accounting,schema.ready:audit                                 |
|        | POST     | api/auth/accounting/periods/close                          |      | App\Http\Controllers\AccountingController@closePeriod                   | api,auth.jwt,non.sale,schema.ready:accounting,schema.ready:audit                                 |
|        | POST     | api/auth/accounting/periods/reopen                         |      | App\Http\Controllers\AccountingController@reopenPeriod                  | api,auth.jwt,non.sale,schema.ready:accounting,schema.ready:audit                                 |
|        | GET|HEAD | api/auth/accounting/reconciliations                        |      | App\Http\Controllers\AccountingController@getReconciliations            | api,auth.jwt,non.sale,schema.ready:accounting,schema.ready:audit                                 |
|        | POST     | api/auth/accounting/reconciliations/bank                   |      | App\Http\Controllers\AccountingController@reconcileBank                 | api,auth.jwt,non.sale,schema.ready:accounting,schema.ready:audit                                 |
|        | POST     | api/auth/accounting/reconciliations/cash                   |      | App\Http\Controllers\AccountingController@reconcileCash                 | api,auth.jwt,non.sale,schema.ready:accounting,schema.ready:audit                                 |
|        | POST     | api/auth/accounting/reconciliations/{id}/approve           |      | App\Http\Controllers\AccountingController@approveReconciliation         | api,auth.jwt,non.sale,schema.ready:accounting,schema.ready:audit                                 |
|        | GET|HEAD | api/auth/accounting/trial-balance                          |      | App\Http\Controllers\AccountingController@getTrialBalance               | api,auth.jwt,non.sale,schema.ready:accounting,schema.ready:audit                                 |
|        | POST     | api/auth/accounting/vat-documents                          |      | App\Http\Controllers\AccountingController@saveVatDocument               | api,auth.jwt,non.sale,schema.ready:accounting,schema.ready:audit                                 |
|        | DELETE   | api/auth/accounting/vat-documents/{id}                     |      | App\Http\Controllers\AccountingController@deleteVatDocument             | api,auth.jwt,non.sale,schema.ready:accounting,schema.ready:audit                                 |
|        | GET|HEAD | api/auth/banks                                             |      | App\Http\Controllers\BankController@index                               | api,auth.jwt,non.sale                                                                            |
|        | POST     | api/auth/banks                                             |      | App\Http\Controllers\BankController@store                               | api,auth.jwt,admin                                                                               |
|        | GET|HEAD | api/auth/banks/all                                         |      | App\Http\Controllers\BankController@all                                 | api,auth.jwt,non.sale                                                                            |
|        | PUT      | api/auth/banks/update/{bank}                               |      | App\Http\Controllers\BankController@update                              | api,auth.jwt,admin                                                                               |
|        | GET|HEAD | api/auth/banks/{bank}                                      |      | App\Http\Controllers\BankController@show                                | api,auth.jwt,non.sale                                                                            |
|        | DELETE   | api/auth/banks/{bank}                                      |      | App\Http\Controllers\BankController@destroy                             | api,auth.jwt,admin                                                                               |
|        | GET|HEAD | api/auth/cash                                              |      | App\Http\Controllers\CashController@index                               | api,auth.jwt,non.sale                                                                            |
|        | POST     | api/auth/cash                                              |      | App\Http\Controllers\CashController@store                               | api,auth.jwt,admin                                                                               |
|        | GET|HEAD | api/auth/cash/all                                          |      | App\Http\Controllers\CashController@all                                 | api,auth.jwt,non.sale                                                                            |
|        | PUT      | api/auth/cash/update/{cash}                                |      | App\Http\Controllers\CashController@update                              | api,auth.jwt,admin                                                                               |
|        | DELETE   | api/auth/cash/{cash}                                       |      | App\Http\Controllers\CashController@destroy                             | api,auth.jwt,admin                                                                               |
|        | GET|HEAD | api/auth/cash/{cash}                                       |      | App\Http\Controllers\CashController@show                                | api,auth.jwt,non.sale                                                                            |
|        | POST     | api/auth/change-pass                                       |      | App\Http\Controllers\AuthController@changePassWord                      | api,check.status,auth.jwt,auth:api                                                               |
|        | GET|HEAD | api/auth/customer-reminders/action-list                    |      | App\Http\Controllers\CustomerReminderController@actionList              | api,auth.jwt,non.sale,schema.ready:reminder,schema.ready:audit                                   |
|        | POST     | api/auth/customer-reminders/dispatch                       |      | App\Http\Controllers\CustomerReminderController@dispatchOutbox          | api,auth.jwt,non.sale,schema.ready:reminder,schema.ready:audit                                   |
|        | POST     | api/auth/customer-reminders/scan                           |      | App\Http\Controllers\CustomerReminderController@scan                    | api,auth.jwt,non.sale,schema.ready:reminder,schema.ready:audit                                   |
|        | GET|HEAD | api/auth/customers                                         |      | App\Http\Controllers\Customer\CustomerController@index                  | api,auth.jwt,non.sale                                                                            |
|        | POST     | api/auth/customers                                         |      | App\Http\Controllers\Customer\CustomerController@store                  | api,auth.jwt,non.sale                                                                            |
|        | GET|HEAD | api/auth/customers/search-by-id-card                       |      | App\Http\Controllers\Customer\CustomerController@searchCustomerByIdCard | api,auth.jwt,non.sale                                                                            |
|        | PUT      | api/auth/customers/{customer}                              |      | App\Http\Controllers\Customer\CustomerController@update                 | api,auth.jwt,non.sale                                                                            |
|        | DELETE   | api/auth/customers/{customer}                              |      | App\Http\Controllers\Customer\CustomerController@destroy                | api,auth.jwt,non.sale                                                                            |
|        | GET|HEAD | api/auth/customers/{customer}                              |      | App\Http\Controllers\Customer\CustomerController@show                   | api,auth.jwt,non.sale                                                                            |
|        | POST     | api/auth/daily-cash-registers/close                        |      | App\Http\Controllers\DailyCashRegisterController@close                  | api,auth.jwt,non.sale,schema.ready:cash_register                                                 |
|        | GET|HEAD | api/auth/daily-cash-registers/history                      |      | App\Http\Controllers\DailyCashRegisterController@history                | api,auth.jwt,non.sale,schema.ready:cash_register                                                 |
|        | POST     | api/auth/daily-cash-registers/reopen                       |      | App\Http\Controllers\DailyCashRegisterController@reopen                 | api,auth.jwt,non.sale,schema.ready:cash_register                                                 |
|        | GET|HEAD | api/auth/daily-cash-registers/summary                      |      | App\Http\Controllers\DailyCashRegisterController@summary                | api,auth.jwt,non.sale,schema.ready:cash_register                                                 |
|        | GET|HEAD | api/auth/dashboard/report                                  |      | App\Http\Controllers\DashboardController@report                         | api,auth.jwt,non.sale                                                                            |
|        | GET|HEAD | api/auth/dashboard/report-chart                            |      | App\Http\Controllers\DashboardController@reportChart                    | api,auth.jwt,non.sale                                                                            |
|        | GET|HEAD | api/auth/export/banks                                      |      | App\Http\Controllers\ExportsController@banks                            | api,auth.jwt,non.sale                                                                            |
|        | GET|HEAD | api/auth/export/cash                                       |      | App\Http\Controllers\ExportsController@cash                             | api,auth.jwt,non.sale                                                                            |
|        | GET|HEAD | api/auth/export/customers                                  |      | App\Http\Controllers\ExportsController@customers                        | api,auth.jwt,non.sale                                                                            |
|        | GET|HEAD | api/auth/export/general_reports                            |      | App\Http\Controllers\ExportsController@generalReports                   | api,auth.jwt,non.sale                                                                            |
|        | GET|HEAD | api/auth/export/orders                                     |      | App\Http\Controllers\ExportsController@orders                           | api,auth.jwt,non.sale                                                                            |
|        | GET|HEAD | api/auth/export/transactions                               |      | App\Http\Controllers\ExportsController@transactions                     | api,auth.jwt,non.sale                                                                            |
|        | GET|HEAD | api/auth/export/vehicle_revenue                            |      | App\Http\Controllers\ExportsController@vehicleRevenue                   | api,auth.jwt,non.sale                                                                            |
|        | GET|HEAD | api/auth/export/vehicles                                   |      | App\Http\Controllers\ExportsController@vehicles                         | api,auth.jwt,non.sale                                                                            |
|        | POST     | api/auth/file/upload-images                                |      | App\Http\Controllers\FileController@uploadImages                        | api,auth.jwt,non.sale                                                                            |
|        | DELETE   | api/auth/file/{file_id}                                    |      | App\Http\Controllers\FileController@destroy                             | api,auth.jwt,non.sale                                                                            |
|        | GET|HEAD | api/auth/gps/overview                                      |      | App\Http\Controllers\CustomerReminderController@gpsOverview             | api,auth.jwt,non.sale,schema.ready:gps,schema.ready:audit                                        |
|        | POST     | api/auth/hr/attendance                                     |      | App\Http\Controllers\HrController@attendanceStore                       | api,auth.jwt,non.sale,schema.ready:audit,schema.ready:attendance,permission:hr.manage_attendance |
|        | GET|HEAD | api/auth/hr/attendance                                     |      | App\Http\Controllers\HrController@attendanceIndex                       | api,auth.jwt,non.sale,schema.ready:audit,schema.ready:attendance,permission:hr.view              |
|        | POST     | api/auth/hr/duty-schedules                                 |      | App\Http\Controllers\HrController@saveDutySchedule                      | api,auth.jwt,non.sale,schema.ready:audit,permission:hr.manage_schedule                           |
|        | GET|HEAD | api/auth/hr/duty-schedules                                 |      | App\Http\Controllers\HrController@dutySchedules                         | api,auth.jwt,non.sale,schema.ready:audit,permission:hr.view                                      |
|        | DELETE   | api/auth/hr/duty-schedules/{id}                            |      | App\Http\Controllers\HrController@deleteDutySchedule                    | api,auth.jwt,non.sale,schema.ready:audit,permission:hr.manage_schedule                           |
|        | GET|HEAD | api/auth/hr/organization-chart                             |      | App\Http\Controllers\HrController@organizationChart                     | api,auth.jwt,non.sale,schema.ready:audit,permission:hr.view                                      |
|        | POST     | api/auth/hr/staff                                          |      | App\Http\Controllers\HrController@staffStore                            | api,auth.jwt,non.sale,schema.ready:audit,permission:hr.manage_staff                              |
|        | GET|HEAD | api/auth/hr/staff                                          |      | App\Http\Controllers\HrController@staffIndex                            | api,auth.jwt,non.sale,schema.ready:audit,permission:hr.view                                      |
|        | GET|HEAD | api/auth/leads                                             |      | App\Http\Controllers\LeadController@index                               | api,check.status,auth.jwt                                                                        |
|        | POST     | api/auth/leads                                             |      | App\Http\Controllers\LeadController@create                              | api,check.status,auth.jwt                                                                        |
|        | GET|HEAD | api/auth/leads/unique-users                                |      | App\Http\Controllers\LeadController@uniqueUsers                         | api,check.status,auth.jwt                                                                        |
|        | GET|HEAD | api/auth/leads/{id}                                        |      | App\Http\Controllers\LeadController@show                                | api,check.status,auth.jwt                                                                        |
|        | PUT      | api/auth/leads/{lead}                                      |      | App\Http\Controllers\LeadController@update                              | api,check.status,auth.jwt                                                                        |
|        | POST     | api/auth/leads/{lead}                                      |      | App\Http\Controllers\LeadController@destroy                             | api,check.status,auth.jwt                                                                        |
|        | GET|HEAD | api/auth/lease-contracts                                   |      | App\Http\Controllers\LeaseContractController@index                      | api,auth.jwt,non.sale,schema.ready:lease,schema.ready:ownership,schema.ready:audit               |
|        | POST     | api/auth/lease-contracts                                   |      | App\Http\Controllers\LeaseContractController@store                      | api,auth.jwt,non.sale,schema.ready:lease,schema.ready:ownership,schema.ready:audit               |
|        | GET|HEAD | api/auth/lease-contracts/export                            |      | App\Http\Controllers\LeaseContractController@export                     | api,auth.jwt,non.sale,schema.ready:lease,schema.ready:ownership,schema.ready:audit               |
|        | POST     | api/auth/lease-contracts/reverse-allocation/{allocationId} |      | App\Http\Controllers\LeaseContractController@reverse                    | api,auth.jwt,non.sale,schema.ready:lease,schema.ready:ownership,schema.ready:audit               |
|        | GET|HEAD | api/auth/lease-contracts/stats                             |      | App\Http\Controllers\LeaseContractController@stats                      | api,auth.jwt,non.sale,schema.ready:lease,schema.ready:ownership,schema.ready:audit               |
|        | GET|HEAD | api/auth/lease-contracts/{id}                              |      | App\Http\Controllers\LeaseContractController@show                       | api,auth.jwt,non.sale,schema.ready:lease,schema.ready:ownership,schema.ready:audit               |
|        | GET|HEAD | api/auth/lease-contracts/{id}/debt-statement.pdf           |      | App\Http\Controllers\LeaseContractController@debtStatementPdf           | api,auth.jwt,non.sale,schema.ready:lease,schema.ready:ownership,schema.ready:audit               |
|        | POST     | api/auth/lease-contracts/{id}/notes                        |      | App\Http\Controllers\LeaseContractController@addNote                    | api,auth.jwt,non.sale,schema.ready:lease,schema.ready:ownership,schema.ready:audit               |
|        | POST     | api/auth/lease-contracts/{id}/ownership-requests           |      | App\Http\Controllers\LeaseOwnershipController@createDraft               | api,auth.jwt,non.sale,schema.ready:lease,schema.ready:ownership,schema.ready:audit               |
|        | POST     | api/auth/lease-contracts/{id}/payments                     |      | App\Http\Controllers\LeaseContractController@allocatePayment            | api,auth.jwt,non.sale,schema.ready:lease,schema.ready:ownership,schema.ready:audit               |
|        | GET|HEAD | api/auth/lease-contracts/{id}/pdf                          |      | App\Http\Controllers\LeaseContractController@pdf                        | api,auth.jwt,non.sale,schema.ready:lease,schema.ready:ownership,schema.ready:audit               |
|        | POST     | api/auth/lease-contracts/{id}/settle                       |      | App\Http\Controllers\LeaseContractController@settle                     | api,auth.jwt,non.sale,schema.ready:lease,schema.ready:ownership,schema.ready:audit               |
|        | GET|HEAD | api/auth/lease-ownership-requests                          |      | App\Http\Controllers\LeaseOwnershipController@index                     | api,auth.jwt,non.sale,schema.ready:ownership,schema.ready:audit                                  |
|        | GET|HEAD | api/auth/lease-ownership-requests/{id}                     |      | App\Http\Controllers\LeaseOwnershipController@show                      | api,auth.jwt,non.sale,schema.ready:ownership,schema.ready:audit                                  |
|        | POST     | api/auth/lease-ownership-requests/{id}/approve             |      | App\Http\Controllers\LeaseOwnershipController@approve                   | api,auth.jwt,non.sale,schema.ready:ownership,schema.ready:audit                                  |
|        | POST     | api/auth/lease-ownership-requests/{id}/execute             |      | App\Http\Controllers\LeaseOwnershipController@executeTransfer           | api,auth.jwt,non.sale,schema.ready:ownership,schema.ready:audit                                  |
|        | POST     | api/auth/lease-ownership-requests/{id}/reject              |      | App\Http\Controllers\LeaseOwnershipController@reject                    | api,auth.jwt,non.sale,schema.ready:ownership,schema.ready:audit                                  |
|        | POST     | api/auth/lease-ownership-requests/{id}/submit              |      | App\Http\Controllers\LeaseOwnershipController@submit                    | api,auth.jwt,non.sale,schema.ready:ownership,schema.ready:audit                                  |
|        | POST     | api/auth/login                                             |      | App\Http\Controllers\AuthController@login                               | api,check.status                                                                                 |
|        | POST     | api/auth/logout                                            |      | App\Http\Controllers\AuthController@logout                              | api,check.status,auth.jwt,auth:api                                                               |
|        | GET|HEAD | api/auth/maintenance-log                                   |      | App\Http\Controllers\MaintenanceLogController@index                     | api,auth.jwt,non.sale                                                                            |
|        | PUT|POST | api/auth/maintenance-log/{maintenanceLogs?}                |      | App\Http\Controllers\MaintenanceLogController@putOrPost                 | api,auth.jwt,non.sale                                                                            |
|        | DELETE   | api/auth/maintenance-log/{maintenanceLog}                  |      | App\Http\Controllers\MaintenanceLogController@destroy                   | api,auth.jwt,non.sale                                                                            |
|        | PUT      | api/auth/maintenance-rules                                 |      | App\Http\Controllers\MaintenanceRuleController@putOrPost                | api,auth.jwt,non.sale                                                                            |
|        | POST     | api/auth/maintenance-rules                                 |      | App\Http\Controllers\MaintenanceRuleController@putOrPost                | api,auth.jwt,non.sale                                                                            |
|        | GET|HEAD | api/auth/maintenance-rules                                 |      | App\Http\Controllers\MaintenanceRuleController@index                    | api,auth.jwt,non.sale                                                                            |
|        | DELETE   | api/auth/maintenance-rules/{maintenanceRule}               |      | App\Http\Controllers\MaintenanceRuleController@destroy                  | api,auth.jwt,non.sale                                                                            |
|        | GET|HEAD | api/auth/maintenance-schedules                             |      | App\Http\Controllers\MaintenanceScheduleController@index                | api,auth.jwt,non.sale                                                                            |
|        | POST     | api/auth/maintenance-schedules                             |      | App\Http\Controllers\MaintenanceScheduleController@putOrPost            | api,auth.jwt,non.sale                                                                            |
|        | DELETE   | api/auth/maintenance-schedules/{maintenanceSchedule}       |      | App\Http\Controllers\MaintenanceScheduleController@destroy              | api,auth.jwt,non.sale                                                                            |
|        | POST     | api/auth/maintenance-types                                 |      | App\Http\Controllers\MaintenanceTypeController@putOrPost                | api,auth.jwt,non.sale                                                                            |
|        | PUT      | api/auth/maintenance-types                                 |      | App\Http\Controllers\MaintenanceTypeController@putOrPost                | api,auth.jwt,non.sale                                                                            |
|        | GET|HEAD | api/auth/maintenance-types                                 |      | App\Http\Controllers\MaintenanceTypeController@index                    | api,auth.jwt,non.sale                                                                            |
|        | DELETE   | api/auth/maintenance-types/{maintenanceType}               |      | App\Http\Controllers\MaintenanceTypeController@destroy                  | api,auth.jwt,non.sale                                                                            |
|        | GET|HEAD | api/auth/maintenance-vehicle                               |      | App\Http\Controllers\MaintenanceVehicleController@index                 | api,auth.jwt,non.sale                                                                            |
|        | PUT|POST | api/auth/maintenance-vehicle/{maintenanceVehicle?}         |      | App\Http\Controllers\MaintenanceVehicleController@putOrPost             | api,auth.jwt,non.sale                                                                            |
|        | DELETE   | api/auth/maintenance-vehicle/{maintenanceVehicle}          |      | App\Http\Controllers\MaintenanceVehicleController@destroy               | api,auth.jwt,non.sale                                                                            |
|        | GET|HEAD | api/auth/order-sell                                        |      | App\Http\Controllers\Order\OrderSellController@index                    | api,auth.jwt,non.sale                                                                            |
|        | GET|HEAD | api/auth/order-sell/report                                 |      | App\Http\Controllers\Order\OrderSellController@report                   | api,auth.jwt,non.sale                                                                            |
|        | POST     | api/auth/order-sell/store                                  |      | App\Http\Controllers\Order\OrderSellController@store                    | api,auth.jwt,non.sale                                                                            |
|        | POST     | api/auth/order-sell/update                                 |      | App\Http\Controllers\Order\OrderSellController@update                   | api,auth.jwt,non.sale                                                                            |
|        | DELETE   | api/auth/order-sell/{sellOrder}                            |      | App\Http\Controllers\Order\OrderSellController@destroy                  | api,auth.jwt,non.sale                                                                            |
|        | POST     | api/auth/order/add-on-price                                |      | App\Http\Controllers\Order\OrderController@addOnPrice                   | api,auth.jwt,non.sale                                                                            |
|        | POST     | api/auth/order/calc_order_before_complete                  |      | App\Http\Controllers\Order\OrderController@calc_order_before_complete   | api,auth.jwt,non.sale                                                                            |
|        | POST     | api/auth/order/calc_return_early_amount                    |      | App\Http\Controllers\Order\OrderController@calc_return_early_amount     | api,auth.jwt,non.sale                                                                            |
|        | POST     | api/auth/order/car-rental                                  |      | App\Http\Controllers\Order\OrderController@store                        | api,auth.jwt,non.sale                                                                            |
|        | GET|HEAD | api/auth/order/car-rental                                  |      | App\Http\Controllers\Order\OrderController@index                        | api,auth.jwt,non.sale                                                                            |
|        | PUT      | api/auth/order/car-rental/complete/{order}                 |      | App\Http\Controllers\Order\OrderController@complete                     | api,auth.jwt,non.sale                                                                            |
|        | PUT      | api/auth/order/car-rental/deposit/{order}                  |      | App\Http\Controllers\Order\OrderController@deposit                      | api,auth.jwt,non.sale                                                                            |
|        | POST     | api/auth/order/car-rental/lock-contract/{order}            |      | App\Http\Controllers\Order\OrderController@lockContract                 | api,auth.jwt,non.sale                                                                            |
|        | POST     | api/auth/order/car-rental/preview                          |      | App\Http\Controllers\Order\OrderController@preview                      | api,auth.jwt,non.sale                                                                            |
|        | DELETE   | api/auth/order/car-rental/{data}                           |      | App\Http\Controllers\Order\OrderController@destroy                      | api,auth.jwt,non.sale                                                                            |
|        | PUT      | api/auth/order/car-rental/{order}                          |      | App\Http\Controllers\Order\OrderController@update                       | api,auth.jwt,non.sale                                                                            |
|        | GET|HEAD | api/auth/order/car-rental/{order}                          |      | App\Http\Controllers\Order\OrderController@show                         | api,auth.jwt,non.sale                                                                            |
|        | GET|HEAD | api/auth/order/car-rental/{order}/document                 |      | App\Http\Controllers\Order\OrderController@document                     | api,auth.jwt,non.sale                                                                            |
|        | POST     | api/auth/order/close-deposit-order                         |      | App\Http\Controllers\Order\OrderController@closeDeposit                 | api,auth.jwt,non.sale                                                                            |
|        | POST     | api/auth/order/start-contract                              |      | App\Http\Controllers\Order\OrderController@startContract                | api,auth.jwt,non.sale                                                                            |
|        | GET|HEAD | api/auth/priceVehicles                                     |      | App\Http\Controllers\Vehicle\PriceVehicleController@index               | api,auth.jwt,non.sale                                                                            |
|        | POST     | api/auth/priceVehicles                                     |      | App\Http\Controllers\Vehicle\PriceVehicleController@storeOrUpdate       | api,auth.jwt,non.sale                                                                            |
|        | DELETE   | api/auth/priceVehicles/{priceVehicle}                      |      | App\Http\Controllers\Vehicle\PriceVehicleController@destroy             | api,auth.jwt,non.sale                                                                            |
|        | GET|HEAD | api/auth/receipt                                           |      | App\Http\Controllers\ReceiptController@index                            | api,auth.jwt,non.sale                                                                            |
|        | PUT|POST | api/auth/receipt/{receipt?}                                |      | App\Http\Controllers\ReceiptController@putOrPost                        | api,auth.jwt,non.sale                                                                            |
|        | DELETE   | api/auth/receipt/{transaction}                             |      | App\Http\Controllers\ReceiptController@destroy                          | api,auth.jwt,non.sale                                                                            |
|        | GET|HEAD | api/auth/receipt/{transaction}                             |      | App\Http\Controllers\ReceiptController@show                             | api,auth.jwt,non.sale                                                                            |
|        | POST     | api/auth/register                                          |      | App\Http\Controllers\AuthController@register                            | api,check.status,auth.jwt,admin                                                                  |
|        | GET|HEAD | api/auth/report/detail-report                              |      | App\Http\Controllers\Report\ReportController@detailReport               | api,auth.jwt,non.sale                                                                            |
|        | GET|HEAD | api/auth/report/detail-report-day-by-day                   |      | App\Http\Controllers\Report\ReportController@detailReportDayByDay       | api,auth.jwt,non.sale                                                                            |
|        | GET|HEAD | api/auth/report/detail-report-new                          |      | App\Http\Controllers\Report\ReportController@detailReportNew            | api,auth.jwt,non.sale                                                                            |
|        | GET|HEAD | api/auth/report/kpi                                        |      | App\Http\Controllers\KpiReportController@index                          | api,auth.jwt,non.sale,schema.ready:kpi                                                           |
|        | GET|HEAD | api/auth/report/quick-report                               |      | App\Http\Controllers\Report\ReportController@quickReport                | api,auth.jwt,non.sale                                                                            |
|        | GET|HEAD | api/auth/role/all                                          |      | App\Http\Controllers\Users\RoleController@all                           | api,auth.jwt,non.sale                                                                            |
|        | GET|HEAD | api/auth/stores                                            |      | App\Http\Controllers\Store\StoreController@index                        | api,auth.jwt,non.sale                                                                            |
|        | POST     | api/auth/stores                                            |      | App\Http\Controllers\Store\StoreController@store                        | api,auth.jwt,non.sale                                                                            |
|        | GET|HEAD | api/auth/stores/all                                        |      | App\Http\Controllers\Store\StoreController@all                          | api,check.status,auth.jwt                                                                        |
|        | PUT      | api/auth/stores/{store}                                    |      | App\Http\Controllers\Store\StoreController@update                       | api,auth.jwt,non.sale                                                                            |
|        | DELETE   | api/auth/stores/{store}                                    |      | App\Http\Controllers\Store\StoreController@destroy                      | api,auth.jwt,non.sale                                                                            |
|        | GET|HEAD | api/auth/stores/{store}                                    |      | App\Http\Controllers\Store\StoreController@show                         | api,check.status,auth.jwt                                                                        |
|        | GET|HEAD | api/auth/transactions                                      |      | App\Http\Controllers\Transaction\TransactionController@index            | api,auth.jwt,non.sale                                                                            |
|        | GET|HEAD | api/auth/transactions/stats                                |      | App\Http\Controllers\Transaction\TransactionController@stats            | api,auth.jwt,non.sale                                                                            |
|        | POST     | api/auth/transactions/update                               |      | App\Http\Controllers\Transaction\TransactionController@updateNew        | api,auth.jwt,non.sale                                                                            |
|        | PUT|POST | api/auth/transactions/{transaction?}                       |      | App\Http\Controllers\Transaction\TransactionController@putOrPost        | api,auth.jwt,non.sale                                                                            |
|        | DELETE   | api/auth/transactions/{transaction}                        |      | App\Http\Controllers\Transaction\TransactionController@destroy          | api,auth.jwt,non.sale                                                                            |
|        | GET|HEAD | api/auth/users                                             |      | App\Http\Controllers\UserController@index                               | api,auth.jwt,non.sale                                                                            |
|        | POST     | api/auth/users/change-my-password                          |      | App\Http\Controllers\UserController@changeMyPassword                    | api,auth.jwt,non.sale                                                                            |
|        | POST     | api/auth/users/change-password                             |      | App\Http\Controllers\UserController@changePassword                      | api,auth.jwt,non.sale,admin                                                                      |
|        | GET|HEAD | api/auth/users/get-staff-by-store                          |      | App\Http\Controllers\UserController@getStaffByStore                     | api,auth.jwt,non.sale                                                                            |
|        | POST     | api/auth/users/store                                       |      | App\Http\Controllers\UserController@store                               | api,auth.jwt,non.sale,admin                                                                      |
|        | POST     | api/auth/users/update                                      |      | App\Http\Controllers\UserController@update                              | api,auth.jwt,non.sale,admin                                                                      |
|        | DELETE   | api/auth/users/{user}                                      |      | App\Http\Controllers\UserController@destroy                             | api,auth.jwt,non.sale,admin                                                                      |
|        | GET|HEAD | api/auth/vehicle/vehicles                                  |      | App\Http\Controllers\Vehicle\VehicleController@index                    | api,check.status,auth.jwt                                                                        |
|        | GET|HEAD | api/auth/vehicle/vehicles/report                           |      | App\Http\Controllers\Vehicle\VehicleController@report                   | api,auth.jwt,non.sale                                                                            |
|        | POST     | api/auth/vehicle/vehicles/store                            |      | App\Http\Controllers\Vehicle\VehicleController@store                    | api,auth.jwt,non.sale                                                                            |
|        | POST     | api/auth/vehicle/vehicles/update                           |      | App\Http\Controllers\Vehicle\VehicleController@update                   | api,auth.jwt,non.sale                                                                            |
|        | DELETE   | api/auth/vehicle/vehicles/{vehicle}                        |      | App\Http\Controllers\Vehicle\VehicleController@destroy                  | api,auth.jwt,non.sale                                                                            |
|        | GET|HEAD | api/auth/vehicle/vehicles_with_revenue                     |      | App\Http\Controllers\Vehicle\VehicleController@indexWithRevenue         | api,auth.jwt,non.sale                                                                            |
|        | GET|HEAD | api/auth/vehicles/{vehicleId}/movement-history             |      | App\Http\Controllers\WarehouseController@movementHistory                | api,auth.jwt,non.sale                                                                            |
|        | POST     | api/auth/warehouses/return-different-store                 |      | App\Http\Controllers\WarehouseController@returnDifferentStore           | api,auth.jwt,non.sale                                                                            |
|        | GET|HEAD | api/auth/warehouses/summary                                |      | App\Http\Controllers\WarehouseController@summary                        | api,auth.jwt,non.sale                                                                            |
|        | POST     | api/auth/warehouses/transfers                              |      | App\Http\Controllers\WarehouseController@dispatchTransfer               | api,auth.jwt,non.sale                                                                            |
|        | POST     | api/auth/warehouses/transfers/{id}/cancel                  |      | App\Http\Controllers\WarehouseController@cancelTransfer                 | api,auth.jwt,non.sale                                                                            |
|        | POST     | api/auth/warehouses/transfers/{id}/receive                 |      | App\Http\Controllers\WarehouseController@receiveTransfer                | api,auth.jwt,non.sale                                                                            |
|        | POST     | api/auth/warehouses/vehicle-exchange                       |      | App\Http\Controllers\WarehouseController@exchangeVehicle                | api,auth.jwt,non.sale                                                                            |
|        | GET|HEAD | api/auth/warehouses/{storeId}/vehicles                     |      | App\Http\Controllers\WarehouseController@vehicles                       | api,auth.jwt,non.sale                                                                            |
|        | GET|HEAD | api/check-timezone                                         |      | App\Http\Controllers\Order\OrderController@check_timezone               | api,auth.jwt                                                                                     |
|        | POST     | api/customer-reminders/webhook/{provider}                  |      | App\Http\Controllers\CustomerReminderController@webhook                 | api,schema.ready:reminder,schema.ready:audit                                                     |
|        | POST     | api/forgot-password                                        |      | App\Http\Controllers\UserController@forgotPassword                      | api,check.status                                                                                 |
|        | GET|HEAD | api/get-list-user                                          |      | App\Http\Controllers\AuthController@getListUser                         | api,auth.jwt,non.sale,auth:api                                                                   |
|        | GET|HEAD | api/health                                                 |      | Closure                                                                 | api                                                                                              |
|        | POST     | api/reset-password                                         |      | App\Http\Controllers\UserController@resetPassword                       | api,check.status                                                                                 |
|        | GET|HEAD | api/verify-token                                           |      | App\Http\Controllers\AuthController@verifyToken                         | api,check.status,auth.jwt,auth:api                                                               |
|        | GET|HEAD | {any}                                                      |      | Closure                                                                 | web                                                                                              |
+--------+----------+------------------------------------------------------------+------+-------------------------------------------------------------------------+--------------------------------------------------------------------------------------------------+
